Build started 11/20/2025 4:09:41 PM.
Logging verbosity is set to: Normal.     1>Project "C:\Users\joshp\OneDrive\Programming\C++\Reversi\Reversi\Reversi.vcxproj" on node 2 (Build target(s)).
     1>PrepareForBuild:
         Structured output is enabled. The formatting of compiler diagnostics will reflect the error hierarchy. See https://aka.ms/cpp/structured-output for more details.
       InitializeBuildStatus:
         Creating "C:\Users\joshp\OneDrive\Programming\C++\Reversi\\Reversi\Intermediate\Debug\Reversi.tlog\unsuccessfulbuild" because "AlwaysCreate" was specified.
         Touching "C:\Users\joshp\OneDrive\Programming\C++\Reversi\\Reversi\Intermediate\Debug\Reversi.tlog\unsuccessfulbuild".
       ClCompile:
         C:\Program Files\Microsoft Visual Studio\2022\Community\VC\Tools\MSVC\14.41.34120\bin\HostX64\x64\CL.exe /c /ZI /JMC /nologo /W3 /WX- /diagnostics:column /sdl /Od /D _DEBUG /D _CONSOLE /D _UNICODE /D UNICODE /Gm- /EHsc /RTC1 /MDd /GS /fp:precise /Zc:wchar_t /Zc:forScope /Zc:inline /std:c++20 /permissive- /Fo"C:\Users\joshp\OneDrive\Programming\C++\Reversi\\Reversi\Intermediate\Debug\\" /Fd"C:\Users\joshp\OneDrive\Programming\C++\Reversi\\Reversi\Intermediate\Debug\vc143.pdb" /external:W3 /Gd /TP /FC /errorReport:prompt Source\AIPlayer.cpp Source\Board.cpp Source\Player.cpp Source\WinMain.cpp
         AIPlayer.cpp
         Board.cpp
         Player.cpp
         WinMain.cpp
         Generating Code...
       ResourceCompile:
         All outputs are up-to-date.
       Link:
         C:\Program Files\Microsoft Visual Studio\2022\Community\VC\Tools\MSVC\14.41.34120\bin\HostX64\x64\link.exe /ERRORREPORT:PROMPT /OUT:"C:\Users\joshp\OneDrive\Programming\C++\Reversi\\Build\Reversi\Debug\Reversi.exe" /INCREMENTAL /ILK:"C:\Users\joshp\OneDrive\Programming\C++\Reversi\\Reversi\Intermediate\Debug\Reversi.ilk" /NOLOGO kernel32.lib user32.lib gdi32.lib winspool.lib comdlg32.lib advapi32.lib shell32.lib ole32.lib oleaut32.lib uuid.lib odbc32.lib odbccp32.lib /MANIFEST /MANIFESTUAC:"level='asInvoker' uiAccess='false'" /manifest:embed /DEBUG /PDB:"C:\Users\joshp\OneDrive\Programming\C++\Reversi\\Build\Reversi\Debug\Reversi.pdb" /SUBSYSTEM:WINDOWS /TLBID:1 /DYNAMICBASE /NXCOMPAT /IMPLIB:"C:\Users\joshp\OneDrive\Programming\C++\Reversi\\Build\Reversi\Debug\Reversi.lib" /MACHINE:X64 C:\Users\joshp\OneDrive\Programming\C++\Reversi\\Reversi\Intermediate\Debug\Reversi.res
         C:\Users\joshp\OneDrive\Programming\C++\Reversi\\Reversi\Intermediate\Debug\AIPlayer.obj
         C:\Users\joshp\OneDrive\Programming\C++\Reversi\\Reversi\Intermediate\Debug\Board.obj
         C:\Users\joshp\OneDrive\Programming\C++\Reversi\\Reversi\Intermediate\Debug\Player.obj
         C:\Users\joshp\OneDrive\Programming\C++\Reversi\\Reversi\Intermediate\Debug\WinMain.obj
         Reversi.vcxproj -> C:\Users\joshp\OneDrive\Programming\C++\Reversi\Build\Reversi\Debug\Reversi.exe
       FinalizeBuildStatus:
         Deleting file "C:\Users\joshp\OneDrive\Programming\C++\Reversi\\Reversi\Intermediate\Debug\Reversi.tlog\unsuccessfulbuild".
         Touching "C:\Users\joshp\OneDrive\Programming\C++\Reversi\\Reversi\Intermediate\Debug\Reversi.tlog\Reversi.lastbuildstate".
     1>Done Building Project "C:\Users\joshp\OneDrive\Programming\C++\Reversi\Reversi\Reversi.vcxproj" (Build target(s)).

Build succeeded.
    0 Warning(s)
    0 Error(s)

Time Elapsed 00:00:42.50
